// Jest Snapshot v1, https://goo.gl/fbAQLP

exports[`App renders correctly 1`] = `
<ContextProvider
  value={
    Object {
      "autologin": true,
      "connected": false,
      "createDatabaseIndexesAndConstraints": [Function],
      "darkMode": false,
      "database": "",
      "driver": null,
      "dropDatabaseIndexesAndConstraints": [Function],
      "endNode": null,
      "endNodeSearch": "",
      "foundNode": null,
      "hoveredNode": null,
      "hoveredNodeLabel": "",
      "isFindPath": false,
      "language": "en",
      "layoutMode": "CIRCULAR",
      "password": "",
      "search": "",
      "selectedNode": null,
      "selectedNodeLabel": "",
      "setAutologin": [Function],
      "setConnected": [Function],
      "setDatabase": [Function],
      "setDriver": [Function],
      "setEndNode": [Function],
      "setEndNodeSearch": [Function],
      "setFoundNode": [Function],
      "setHoveredNode": [Function],
      "setHoveredNodeLabel": [Function],
      "setIsFindPath": [Function],
      "setLanguage": [Function],
      "setLayoutMode": [Function],
      "setPassword": [Function],
      "setSearch": [Function],
      "setSelectedNode": [Function],
      "setSelectedNodeLabel": [Function],
      "setSigma": [Function],
      "setStartNode": [Function],
      "setStartNodeSearch": [Function],
      "setUrl": [Function],
      "setUsername": [Function],
      "sigma": null,
      "startNode": null,
      "startNodeSearch": "",
      "theme": Object {
        "breakpoints": Object {
          "between": [Function],
          "down": [Function],
          "keys": Array [
            "xs",
            "sm",
            "md",
            "lg",
            "xl",
          ],
          "not": [Function],
          "only": [Function],
          "unit": "px",
          "up": [Function],
          "values": Object {
            "lg": 1200,
            "md": 900,
            "sm": 600,
            "xl": 1536,
            "xs": 0,
          },
        },
        "components": Object {},
        "direction": "ltr",
        "mixins": Object {
          "toolbar": Object {
            "@media (min-width:0px) and (orientation: landscape)": Object {
              "minHeight": 48,
            },
            "@media (min-width:600px)": Object {
              "minHeight": 64,
            },
            "minHeight": 56,
          },
        },
        "palette": Object {
          "action": Object {
            "activatedOpacity": 0.12,
            "active": "rgba(0, 0, 0, 0.54)",
            "disabled": "rgba(0, 0, 0, 0.26)",
            "disabledBackground": "rgba(0, 0, 0, 0.12)",
            "disabledOpacity": 0.38,
            "focus": "rgba(0, 0, 0, 0.12)",
            "focusOpacity": 0.12,
            "hover": "rgba(0, 0, 0, 0.04)",
            "hoverOpacity": 0.04,
            "selected": "rgba(0, 0, 0, 0.08)",
            "selectedOpacity": 0.08,
          },
          "augmentColor": [Function],
          "background": Object {
            "default": "#fff",
            "paper": "#fff",
          },
          "common": Object {
            "black": "#000",
            "white": "#fff",
          },
          "contrastThreshold": 3,
          "divider": "rgba(0, 0, 0, 0.12)",
          "error": Object {
            "contrastText": "#fff",
            "dark": "#c62828",
            "light": "#ef5350",
            "main": "#d32f2f",
          },
          "getContrastText": [Function],
          "grey": Object {
            "100": "#f5f5f5",
            "200": "#eeeeee",
            "300": "#e0e0e0",
            "400": "#bdbdbd",
            "50": "#fafafa",
            "500": "#9e9e9e",
            "600": "#757575",
            "700": "#616161",
            "800": "#424242",
            "900": "#212121",
            "A100": "#f5f5f5",
            "A200": "#eeeeee",
            "A400": "#bdbdbd",
            "A700": "#616161",
          },
          "info": Object {
            "contrastText": "#fff",
            "dark": "#01579b",
            "light": "#03a9f4",
            "main": "#0288d1",
          },
          "mode": "light",
          "primary": Object {
            "contrastText": "#fff",
            "dark": "rgb(11, 56, 133)",
            "light": "rgb(64, 115, 203)",
            "main": "#1151BF",
          },
          "secondary": Object {
            "contrastText": "#fff",
            "dark": "rgb(14, 64, 151)",
            "light": "rgb(67, 124, 224)",
            "main": "#145CD9",
          },
          "success": Object {
            "contrastText": "#fff",
            "dark": "#1b5e20",
            "light": "#4caf50",
            "main": "#2e7d32",
          },
          "text": Object {
            "disabled": "rgba(0, 0, 0, 0.38)",
            "primary": "rgba(0, 0, 0, 0.87)",
            "secondary": "rgba(0, 0, 0, 0.6)",
          },
          "tonalOffset": 0.2,
          "warning": Object {
            "contrastText": "#fff",
            "dark": "#e65100",
            "light": "#ff9800",
            "main": "#ed6c02",
          },
        },
        "shadows": Array [
          "none",
          "0px 2px 1px -1px rgba(0,0,0,0.2),0px 1px 1px 0px rgba(0,0,0,0.14),0px 1px 3px 0px rgba(0,0,0,0.12)",
          "0px 3px 1px -2px rgba(0,0,0,0.2),0px 2px 2px 0px rgba(0,0,0,0.14),0px 1px 5px 0px rgba(0,0,0,0.12)",
          "0px 3px 3px -2px rgba(0,0,0,0.2),0px 3px 4px 0px rgba(0,0,0,0.14),0px 1px 8px 0px rgba(0,0,0,0.12)",
          "0px 2px 4px -1px rgba(0,0,0,0.2),0px 4px 5px 0px rgba(0,0,0,0.14),0px 1px 10px 0px rgba(0,0,0,0.12)",
          "0px 3px 5px -1px rgba(0,0,0,0.2),0px 5px 8px 0px rgba(0,0,0,0.14),0px 1px 14px 0px rgba(0,0,0,0.12)",
          "0px 3px 5px -1px rgba(0,0,0,0.2),0px 6px 10px 0px rgba(0,0,0,0.14),0px 1px 18px 0px rgba(0,0,0,0.12)",
          "0px 4px 5px -2px rgba(0,0,0,0.2),0px 7px 10px 1px rgba(0,0,0,0.14),0px 2px 16px 1px rgba(0,0,0,0.12)",
          "0px 5px 5px -3px rgba(0,0,0,0.2),0px 8px 10px 1px rgba(0,0,0,0.14),0px 3px 14px 2px rgba(0,0,0,0.12)",
          "0px 5px 6px -3px rgba(0,0,0,0.2),0px 9px 12px 1px rgba(0,0,0,0.14),0px 3px 16px 2px rgba(0,0,0,0.12)",
          "0px 6px 6px -3px rgba(0,0,0,0.2),0px 10px 14px 1px rgba(0,0,0,0.14),0px 4px 18px 3px rgba(0,0,0,0.12)",
          "0px 6px 7px -4px rgba(0,0,0,0.2),0px 11px 15px 1px rgba(0,0,0,0.14),0px 4px 20px 3px rgba(0,0,0,0.12)",
          "0px 7px 8px -4px rgba(0,0,0,0.2),0px 12px 17px 2px rgba(0,0,0,0.14),0px 5px 22px 4px rgba(0,0,0,0.12)",
          "0px 7px 8px -4px rgba(0,0,0,0.2),0px 13px 19px 2px rgba(0,0,0,0.14),0px 5px 24px 4px rgba(0,0,0,0.12)",
          "0px 7px 9px -4px rgba(0,0,0,0.2),0px 14px 21px 2px rgba(0,0,0,0.14),0px 5px 26px 4px rgba(0,0,0,0.12)",
          "0px 8px 9px -5px rgba(0,0,0,0.2),0px 15px 22px 2px rgba(0,0,0,0.14),0px 6px 28px 5px rgba(0,0,0,0.12)",
          "0px 8px 10px -5px rgba(0,0,0,0.2),0px 16px 24px 2px rgba(0,0,0,0.14),0px 6px 30px 5px rgba(0,0,0,0.12)",
          "0px 8px 11px -5px rgba(0,0,0,0.2),0px 17px 26px 2px rgba(0,0,0,0.14),0px 6px 32px 5px rgba(0,0,0,0.12)",
          "0px 9px 11px -5px rgba(0,0,0,0.2),0px 18px 28px 2px rgba(0,0,0,0.14),0px 7px 34px 6px rgba(0,0,0,0.12)",
          "0px 9px 12px -6px rgba(0,0,0,0.2),0px 19px 29px 2px rgba(0,0,0,0.14),0px 7px 36px 6px rgba(0,0,0,0.12)",
          "0px 10px 13px -6px rgba(0,0,0,0.2),0px 20px 31px 3px rgba(0,0,0,0.14),0px 8px 38px 7px rgba(0,0,0,0.12)",
          "0px 10px 13px -6px rgba(0,0,0,0.2),0px 21px 33px 3px rgba(0,0,0,0.14),0px 8px 40px 7px rgba(0,0,0,0.12)",
          "0px 10px 14px -6px rgba(0,0,0,0.2),0px 22px 35px 3px rgba(0,0,0,0.14),0px 8px 42px 7px rgba(0,0,0,0.12)",
          "0px 11px 14px -7px rgba(0,0,0,0.2),0px 23px 36px 3px rgba(0,0,0,0.14),0px 9px 44px 8px rgba(0,0,0,0.12)",
          "0px 11px 15px -7px rgba(0,0,0,0.2),0px 24px 38px 3px rgba(0,0,0,0.14),0px 9px 46px 8px rgba(0,0,0,0.12)",
        ],
        "shape": Object {
          "borderRadius": 4,
        },
        "spacing": [Function],
        "transitions": Object {
          "create": [Function],
          "duration": Object {
            "complex": 375,
            "enteringScreen": 225,
            "leavingScreen": 195,
            "short": 250,
            "shorter": 200,
            "shortest": 150,
            "standard": 300,
          },
          "easing": Object {
            "easeIn": "cubic-bezier(0.4, 0, 1, 1)",
            "easeInOut": "cubic-bezier(0.4, 0, 0.2, 1)",
            "easeOut": "cubic-bezier(0.0, 0, 0.2, 1)",
            "sharp": "cubic-bezier(0.4, 0, 0.6, 1)",
          },
          "getAutoHeightDuration": [Function],
        },
        "typography": Object {
          "body1": Object {
            "fontFamily": "Arial",
            "fontSize": "1.4285714285714286rem",
            "fontWeight": 400,
            "lineHeight": 1.5,
          },
          "body2": Object {
            "fontFamily": "Arial",
            "fontSize": "1.25rem",
            "fontWeight": 400,
            "lineHeight": 1.43,
          },
          "button": Object {
            "fontFamily": "Arial",
            "fontSize": "1.25rem",
            "fontWeight": 500,
            "lineHeight": 1.75,
            "textTransform": "uppercase",
          },
          "caption": Object {
            "fontFamily": "Arial",
            "fontSize": "1.0714285714285714rem",
            "fontWeight": 400,
            "lineHeight": 1.66,
          },
          "fontFamily": "Arial",
          "fontSize": 20,
          "fontWeightBold": 700,
          "fontWeightLight": 300,
          "fontWeightMedium": 500,
          "fontWeightRegular": 400,
          "h1": Object {
            "fontFamily": "Arial",
            "fontSize": "8.571428571428571rem",
            "fontWeight": 300,
            "lineHeight": 1.167,
          },
          "h2": Object {
            "fontFamily": "Arial",
            "fontSize": "5.357142857142858rem",
            "fontWeight": 300,
            "lineHeight": 1.2,
          },
          "h3": Object {
            "fontFamily": "Arial",
            "fontSize": "4.285714285714286rem",
            "fontWeight": 400,
            "lineHeight": 1.167,
          },
          "h4": Object {
            "fontFamily": "Arial",
            "fontSize": "3.0357142857142856rem",
            "fontWeight": 400,
            "lineHeight": 1.235,
          },
          "h5": Object {
            "fontFamily": "Arial",
            "fontSize": "2.142857142857143rem",
            "fontWeight": 400,
            "lineHeight": 1.334,
          },
          "h6": Object {
            "fontFamily": "Arial",
            "fontSize": "1.7857142857142858rem",
            "fontWeight": 500,
            "lineHeight": 1.6,
          },
          "htmlFontSize": 16,
          "overline": Object {
            "fontFamily": "Arial",
            "fontSize": "1.0714285714285714rem",
            "fontWeight": 400,
            "lineHeight": 2.66,
            "textTransform": "uppercase",
          },
          "pxToRem": [Function],
          "subtitle1": Object {
            "fontFamily": "Arial",
            "fontSize": "1.4285714285714286rem",
            "fontWeight": 400,
            "lineHeight": 1.75,
          },
          "subtitle2": Object {
            "fontFamily": "Arial",
            "fontSize": "1.25rem",
            "fontWeight": 500,
            "lineHeight": 1.57,
          },
        },
        "zIndex": Object {
          "appBar": 1100,
          "drawer": 1200,
          "mobileStepper": 1000,
          "modal": 1300,
          "snackbar": 1400,
          "speedDial": 1050,
          "tooltip": 1500,
        },
      },
      "toggleDarkMode": [Function],
      "url": "",
      "username": "",
    }
  }
>
  <ThemeProvider
    theme={
      Object {
        "breakpoints": Object {
          "between": [Function],
          "down": [Function],
          "keys": Array [
            "xs",
            "sm",
            "md",
            "lg",
            "xl",
          ],
          "not": [Function],
          "only": [Function],
          "unit": "px",
          "up": [Function],
          "values": Object {
            "lg": 1200,
            "md": 900,
            "sm": 600,
            "xl": 1536,
            "xs": 0,
          },
        },
        "components": Object {},
        "direction": "ltr",
        "mixins": Object {
          "toolbar": Object {
            "@media (min-width:0px) and (orientation: landscape)": Object {
              "minHeight": 48,
            },
            "@media (min-width:600px)": Object {
              "minHeight": 64,
            },
            "minHeight": 56,
          },
        },
        "palette": Object {
          "action": Object {
            "activatedOpacity": 0.12,
            "active": "rgba(0, 0, 0, 0.54)",
            "disabled": "rgba(0, 0, 0, 0.26)",
            "disabledBackground": "rgba(0, 0, 0, 0.12)",
            "disabledOpacity": 0.38,
            "focus": "rgba(0, 0, 0, 0.12)",
            "focusOpacity": 0.12,
            "hover": "rgba(0, 0, 0, 0.04)",
            "hoverOpacity": 0.04,
            "selected": "rgba(0, 0, 0, 0.08)",
            "selectedOpacity": 0.08,
          },
          "augmentColor": [Function],
          "background": Object {
            "default": "#fff",
            "paper": "#fff",
          },
          "common": Object {
            "black": "#000",
            "white": "#fff",
          },
          "contrastThreshold": 3,
          "divider": "rgba(0, 0, 0, 0.12)",
          "error": Object {
            "contrastText": "#fff",
            "dark": "#c62828",
            "light": "#ef5350",
            "main": "#d32f2f",
          },
          "getContrastText": [Function],
          "grey": Object {
            "100": "#f5f5f5",
            "200": "#eeeeee",
            "300": "#e0e0e0",
            "400": "#bdbdbd",
            "50": "#fafafa",
            "500": "#9e9e9e",
            "600": "#757575",
            "700": "#616161",
            "800": "#424242",
            "900": "#212121",
            "A100": "#f5f5f5",
            "A200": "#eeeeee",
            "A400": "#bdbdbd",
            "A700": "#616161",
          },
          "info": Object {
            "contrastText": "#fff",
            "dark": "#01579b",
            "light": "#03a9f4",
            "main": "#0288d1",
          },
          "mode": "light",
          "primary": Object {
            "contrastText": "#fff",
            "dark": "rgb(11, 56, 133)",
            "light": "rgb(64, 115, 203)",
            "main": "#1151BF",
          },
          "secondary": Object {
            "contrastText": "#fff",
            "dark": "rgb(14, 64, 151)",
            "light": "rgb(67, 124, 224)",
            "main": "#145CD9",
          },
          "success": Object {
            "contrastText": "#fff",
            "dark": "#1b5e20",
            "light": "#4caf50",
            "main": "#2e7d32",
          },
          "text": Object {
            "disabled": "rgba(0, 0, 0, 0.38)",
            "primary": "rgba(0, 0, 0, 0.87)",
            "secondary": "rgba(0, 0, 0, 0.6)",
          },
          "tonalOffset": 0.2,
          "warning": Object {
            "contrastText": "#fff",
            "dark": "#e65100",
            "light": "#ff9800",
            "main": "#ed6c02",
          },
        },
        "shadows": Array [
          "none",
          "0px 2px 1px -1px rgba(0,0,0,0.2),0px 1px 1px 0px rgba(0,0,0,0.14),0px 1px 3px 0px rgba(0,0,0,0.12)",
          "0px 3px 1px -2px rgba(0,0,0,0.2),0px 2px 2px 0px rgba(0,0,0,0.14),0px 1px 5px 0px rgba(0,0,0,0.12)",
          "0px 3px 3px -2px rgba(0,0,0,0.2),0px 3px 4px 0px rgba(0,0,0,0.14),0px 1px 8px 0px rgba(0,0,0,0.12)",
          "0px 2px 4px -1px rgba(0,0,0,0.2),0px 4px 5px 0px rgba(0,0,0,0.14),0px 1px 10px 0px rgba(0,0,0,0.12)",
          "0px 3px 5px -1px rgba(0,0,0,0.2),0px 5px 8px 0px rgba(0,0,0,0.14),0px 1px 14px 0px rgba(0,0,0,0.12)",
          "0px 3px 5px -1px rgba(0,0,0,0.2),0px 6px 10px 0px rgba(0,0,0,0.14),0px 1px 18px 0px rgba(0,0,0,0.12)",
          "0px 4px 5px -2px rgba(0,0,0,0.2),0px 7px 10px 1px rgba(0,0,0,0.14),0px 2px 16px 1px rgba(0,0,0,0.12)",
          "0px 5px 5px -3px rgba(0,0,0,0.2),0px 8px 10px 1px rgba(0,0,0,0.14),0px 3px 14px 2px rgba(0,0,0,0.12)",
          "0px 5px 6px -3px rgba(0,0,0,0.2),0px 9px 12px 1px rgba(0,0,0,0.14),0px 3px 16px 2px rgba(0,0,0,0.12)",
          "0px 6px 6px -3px rgba(0,0,0,0.2),0px 10px 14px 1px rgba(0,0,0,0.14),0px 4px 18px 3px rgba(0,0,0,0.12)",
          "0px 6px 7px -4px rgba(0,0,0,0.2),0px 11px 15px 1px rgba(0,0,0,0.14),0px 4px 20px 3px rgba(0,0,0,0.12)",
          "0px 7px 8px -4px rgba(0,0,0,0.2),0px 12px 17px 2px rgba(0,0,0,0.14),0px 5px 22px 4px rgba(0,0,0,0.12)",
          "0px 7px 8px -4px rgba(0,0,0,0.2),0px 13px 19px 2px rgba(0,0,0,0.14),0px 5px 24px 4px rgba(0,0,0,0.12)",
          "0px 7px 9px -4px rgba(0,0,0,0.2),0px 14px 21px 2px rgba(0,0,0,0.14),0px 5px 26px 4px rgba(0,0,0,0.12)",
          "0px 8px 9px -5px rgba(0,0,0,0.2),0px 15px 22px 2px rgba(0,0,0,0.14),0px 6px 28px 5px rgba(0,0,0,0.12)",
          "0px 8px 10px -5px rgba(0,0,0,0.2),0px 16px 24px 2px rgba(0,0,0,0.14),0px 6px 30px 5px rgba(0,0,0,0.12)",
          "0px 8px 11px -5px rgba(0,0,0,0.2),0px 17px 26px 2px rgba(0,0,0,0.14),0px 6px 32px 5px rgba(0,0,0,0.12)",
          "0px 9px 11px -5px rgba(0,0,0,0.2),0px 18px 28px 2px rgba(0,0,0,0.14),0px 7px 34px 6px rgba(0,0,0,0.12)",
          "0px 9px 12px -6px rgba(0,0,0,0.2),0px 19px 29px 2px rgba(0,0,0,0.14),0px 7px 36px 6px rgba(0,0,0,0.12)",
          "0px 10px 13px -6px rgba(0,0,0,0.2),0px 20px 31px 3px rgba(0,0,0,0.14),0px 8px 38px 7px rgba(0,0,0,0.12)",
          "0px 10px 13px -6px rgba(0,0,0,0.2),0px 21px 33px 3px rgba(0,0,0,0.14),0px 8px 40px 7px rgba(0,0,0,0.12)",
          "0px 10px 14px -6px rgba(0,0,0,0.2),0px 22px 35px 3px rgba(0,0,0,0.14),0px 8px 42px 7px rgba(0,0,0,0.12)",
          "0px 11px 14px -7px rgba(0,0,0,0.2),0px 23px 36px 3px rgba(0,0,0,0.14),0px 9px 44px 8px rgba(0,0,0,0.12)",
          "0px 11px 15px -7px rgba(0,0,0,0.2),0px 24px 38px 3px rgba(0,0,0,0.14),0px 9px 46px 8px rgba(0,0,0,0.12)",
        ],
        "shape": Object {
          "borderRadius": 4,
        },
        "spacing": [Function],
        "transitions": Object {
          "create": [Function],
          "duration": Object {
            "complex": 375,
            "enteringScreen": 225,
            "leavingScreen": 195,
            "short": 250,
            "shorter": 200,
            "shortest": 150,
            "standard": 300,
          },
          "easing": Object {
            "easeIn": "cubic-bezier(0.4, 0, 1, 1)",
            "easeInOut": "cubic-bezier(0.4, 0, 0.2, 1)",
            "easeOut": "cubic-bezier(0.0, 0, 0.2, 1)",
            "sharp": "cubic-bezier(0.4, 0, 0.6, 1)",
          },
          "getAutoHeightDuration": [Function],
        },
        "typography": Object {
          "body1": Object {
            "fontFamily": "Arial",
            "fontSize": "1.4285714285714286rem",
            "fontWeight": 400,
            "lineHeight": 1.5,
          },
          "body2": Object {
            "fontFamily": "Arial",
            "fontSize": "1.25rem",
            "fontWeight": 400,
            "lineHeight": 1.43,
          },
          "button": Object {
            "fontFamily": "Arial",
            "fontSize": "1.25rem",
            "fontWeight": 500,
            "lineHeight": 1.75,
            "textTransform": "uppercase",
          },
          "caption": Object {
            "fontFamily": "Arial",
            "fontSize": "1.0714285714285714rem",
            "fontWeight": 400,
            "lineHeight": 1.66,
          },
          "fontFamily": "Arial",
          "fontSize": 20,
          "fontWeightBold": 700,
          "fontWeightLight": 300,
          "fontWeightMedium": 500,
          "fontWeightRegular": 400,
          "h1": Object {
            "fontFamily": "Arial",
            "fontSize": "8.571428571428571rem",
            "fontWeight": 300,
            "lineHeight": 1.167,
          },
          "h2": Object {
            "fontFamily": "Arial",
            "fontSize": "5.357142857142858rem",
            "fontWeight": 300,
            "lineHeight": 1.2,
          },
          "h3": Object {
            "fontFamily": "Arial",
            "fontSize": "4.285714285714286rem",
            "fontWeight": 400,
            "lineHeight": 1.167,
          },
          "h4": Object {
            "fontFamily": "Arial",
            "fontSize": "3.0357142857142856rem",
            "fontWeight": 400,
            "lineHeight": 1.235,
          },
          "h5": Object {
            "fontFamily": "Arial",
            "fontSize": "2.142857142857143rem",
            "fontWeight": 400,
            "lineHeight": 1.334,
          },
          "h6": Object {
            "fontFamily": "Arial",
            "fontSize": "1.7857142857142858rem",
            "fontWeight": 500,
            "lineHeight": 1.6,
          },
          "htmlFontSize": 16,
          "overline": Object {
            "fontFamily": "Arial",
            "fontSize": "1.0714285714285714rem",
            "fontWeight": 400,
            "lineHeight": 2.66,
            "textTransform": "uppercase",
          },
          "pxToRem": [Function],
          "subtitle1": Object {
            "fontFamily": "Arial",
            "fontSize": "1.4285714285714286rem",
            "fontWeight": 400,
            "lineHeight": 1.75,
          },
          "subtitle2": Object {
            "fontFamily": "Arial",
            "fontSize": "1.25rem",
            "fontWeight": 500,
            "lineHeight": 1.57,
          },
        },
        "zIndex": Object {
          "appBar": 1100,
          "drawer": 1200,
          "mobileStepper": 1000,
          "modal": 1300,
          "snackbar": 1400,
          "speedDial": 1050,
          "tooltip": 1500,
        },
      }
    }
  >
    <RTL>
      <CssBaseline>
        <SnackbarProvider
          anchorOrigin={
            Object {
              "horizontal": "right",
              "vertical": "top",
            }
          }
          classes={
            Object {
              "anchorOriginTopLeft": "makeStyles-snackbarProvider-1",
              "anchorOriginTopRight": "makeStyles-snackbarProvider-1",
            }
          }
          maxSnack={3}
        >
          <HashRouter
            basename="/"
          >
            <Routes>
              <Route
                element={
                  <RestrictedRoute>
                    <Unknown
                      initialSettings={
                        Object {
                          "defaultNodeType": "image",
                          "nodeProgramClasses": Object {
                            "image": [Function],
                          },
                        }
                      }
                      style={
                        Object {
                          "background": "transparent",
                          "direction": "ltr",
                        }
                      }
                    >
                      <DashboardView />
                    </Unknown>
                  </RestrictedRoute>
                }
                path="/"
              />
              <Route
                element={
                  <AuthRoute>
                    <LoginView />
                  </AuthRoute>
                }
                path="/login"
              />
            </Routes>
          </HashRouter>
        </SnackbarProvider>
      </CssBaseline>
    </RTL>
  </ThemeProvider>
</ContextProvider>
`;
